hello world

Wednesday, 22 April, 2026 10:37:03 PM


